<html>
<body>
<pre>
<h1>µVision Build Log</h1>
<h2>Tool Versions:</h2>
IDE-Version: µVision V5.12.0.0
Copyright (C) 2014 ARM Ltd and ARM Germany GmbH. All rights reserved.
License Information: Antonio Gómez, UCO, LIC=----
 
Tool Versions:
Toolchain:       MDK-Lite  Version: 5.12.0.0
Toolchain Path:  C:\Keil_v5\ARM\ARMCC\Bin
C Compiler:      Armcc.exe V5.05 (build 41)
Assembler:       Armasm.exe V5.05 (build 41)
Linker/Locator:  ArmLink.exe V5.05 (build 41)
Library Manager: ArmAr.exe V5.05 (build 41)
Hex Converter:   FromElf.exe V5.05 (build 41)
CPU DLL:         SARM.DLL V5.12.0.0
Dialog DLL:      DARMP.DLL V1.51
Target DLL:      UL2ARM.DLL V1.74.5.0
Dialog DLL:      TARMP.DLL V1.51
 
<h2>Project:</h2>
C:\Users\Antonio GG\Desktop\Prácticas SE\Practica3\Practica3.uvproj
Project File Date:  10/26/2020

<h2>Output:</h2>
Rebuild target 'Practica3'
assembling LPC2300.s...
compiling Retarget.c...
compiling Serial.c...
compiling Practica3.c...
compiling HAL.c...
linking...
Program Size: Code=1068 RO-data=16 RW-data=0 ZI-data=1384  
".\Objects\Practica3.axf" - 0 Error(s), 0 Warning(s).
Load "C:\\Users\\Antonio GG\\Desktop\\Prácticas SE\\Practica3\\Objects\\Practica3.axf" 
Erase Failed!
Cannot enter Debug Mode
Error: Flash Download failed  -  ARM7TDMI
Load "C:\\Users\\Antonio GG\\Desktop\\Prácticas SE\\Practica3\\Objects\\Practica3.axf" 
Erase Failed!
Cannot enter Debug Mode
Error: Flash Download failed  -  ARM7TDMI
Load "C:\\Users\\Antonio GG\\Desktop\\Prácticas SE\\Practica3\\Objects\\Practica3.axf" 
Erase Failed!
Cannot enter Debug Mode
Error: Flash Download failed  -  ARM7TDMI
Load "C:\\Users\\Antonio GG\\Desktop\\Prácticas SE\\Practica3\\Objects\\Practica3.axf" 
Erase Failed!
Cannot enter Debug Mode
Error: Flash Download failed  -  ARM7TDMI
Load "C:\\Users\\Antonio GG\\Desktop\\Prácticas SE\\Practica3\\Objects\\Practica3.axf" 
Erase Failed!
Cannot enter Debug Mode
Error: Flash Download failed  -  ARM7TDMI
Load "C:\\Users\\Antonio GG\\Desktop\\Prácticas SE\\Practica3\\Objects\\Practica3.axf" 
Erase Done.
Programming Done.
Verify OK.
Application running ...
